------------------------------------------------------------
Timing Analyzer Summary
------------------------------------------------------------

Type  : Slow 1100mV 85C Model Setup 'CLOCK_50'
Slack : 13.385
TNS   : 0.000

Type  : Slow 1100mV 85C Model Hold 'CLOCK_50'
Slack : 0.345
TNS   : 0.000

Type  : Slow 1100mV 85C Model Minimum Pulse Width 'iCLK_GEN|iPLL|mic_clk_pll_inst|altera_pll_i|cyclonev_pll|fpll_0|fpll|vcoph[0]'
Slack : 0.813
TNS   : 0.000

Type  : Slow 1100mV 85C Model Minimum Pulse Width 'CLOCK_50'
Slack : 9.068
TNS   : 0.000

Type  : Slow 1100mV 85C Model Minimum Pulse Width 'iCLK_GEN|iPLL|mic_clk_pll_inst|altera_pll_i|cyclonev_pll|counter[1].output_counter|divclk'
Slack : 162.023
TNS   : 0.000

Type  : Slow 1100mV 85C Model Minimum Pulse Width 'iCLK_GEN|iPLL|mic_clk_pll_inst|altera_pll_i|cyclonev_pll|counter[0].output_counter|divclk'
Slack : 202.674
TNS   : 0.000

Type  : Slow 1100mV 0C Model Setup 'CLOCK_50'
Slack : 13.472
TNS   : 0.000

Type  : Slow 1100mV 0C Model Hold 'CLOCK_50'
Slack : 0.341
TNS   : 0.000

Type  : Slow 1100mV 0C Model Minimum Pulse Width 'iCLK_GEN|iPLL|mic_clk_pll_inst|altera_pll_i|cyclonev_pll|fpll_0|fpll|vcoph[0]'
Slack : 0.813
TNS   : 0.000

Type  : Slow 1100mV 0C Model Minimum Pulse Width 'CLOCK_50'
Slack : 9.052
TNS   : 0.000

Type  : Slow 1100mV 0C Model Minimum Pulse Width 'iCLK_GEN|iPLL|mic_clk_pll_inst|altera_pll_i|cyclonev_pll|counter[1].output_counter|divclk'
Slack : 161.999
TNS   : 0.000

Type  : Slow 1100mV 0C Model Minimum Pulse Width 'iCLK_GEN|iPLL|mic_clk_pll_inst|altera_pll_i|cyclonev_pll|counter[0].output_counter|divclk'
Slack : 202.650
TNS   : 0.000

Type  : Fast 1100mV 85C Model Setup 'CLOCK_50'
Slack : 15.894
TNS   : 0.000

Type  : Fast 1100mV 85C Model Hold 'CLOCK_50'
Slack : 0.180
TNS   : 0.000

Type  : Fast 1100mV 85C Model Minimum Pulse Width 'iCLK_GEN|iPLL|mic_clk_pll_inst|altera_pll_i|cyclonev_pll|fpll_0|fpll|vcoph[0]'
Slack : 0.813
TNS   : 0.000

Type  : Fast 1100mV 85C Model Minimum Pulse Width 'CLOCK_50'
Slack : 8.963
TNS   : 0.000

Type  : Fast 1100mV 85C Model Minimum Pulse Width 'iCLK_GEN|iPLL|mic_clk_pll_inst|altera_pll_i|cyclonev_pll|counter[1].output_counter|divclk'
Slack : 162.236
TNS   : 0.000

Type  : Fast 1100mV 85C Model Minimum Pulse Width 'iCLK_GEN|iPLL|mic_clk_pll_inst|altera_pll_i|cyclonev_pll|counter[0].output_counter|divclk'
Slack : 202.887
TNS   : 0.000

Type  : Fast 1100mV 0C Model Setup 'CLOCK_50'
Slack : 16.239
TNS   : 0.000

Type  : Fast 1100mV 0C Model Hold 'CLOCK_50'
Slack : 0.170
TNS   : 0.000

Type  : Fast 1100mV 0C Model Minimum Pulse Width 'iCLK_GEN|iPLL|mic_clk_pll_inst|altera_pll_i|cyclonev_pll|fpll_0|fpll|vcoph[0]'
Slack : 0.813
TNS   : 0.000

Type  : Fast 1100mV 0C Model Minimum Pulse Width 'CLOCK_50'
Slack : 8.916
TNS   : 0.000

Type  : Fast 1100mV 0C Model Minimum Pulse Width 'iCLK_GEN|iPLL|mic_clk_pll_inst|altera_pll_i|cyclonev_pll|counter[1].output_counter|divclk'
Slack : 162.238
TNS   : 0.000

Type  : Fast 1100mV 0C Model Minimum Pulse Width 'iCLK_GEN|iPLL|mic_clk_pll_inst|altera_pll_i|cyclonev_pll|counter[0].output_counter|divclk'
Slack : 202.889
TNS   : 0.000

------------------------------------------------------------
