------------------------------------------------------------
Timing Analyzer Summary
------------------------------------------------------------

Type  : Slow 1100mV 85C Model Setup 'iAUD_FRONT|iCLK_GEN|iPLL|mic_clk_pll_inst|altera_pll_i|cyclonev_pll|counter[1].output_counter|divclk'
Slack : -11.023
TNS   : -22.046

Type  : Slow 1100mV 85C Model Setup 'iAUD_FRONT|iCLK_GEN|iPLL|mic_clk_pll_inst|altera_pll_i|cyclonev_pll|counter[0].output_counter|divclk'
Slack : -10.813
TNS   : -21.626

Type  : Slow 1100mV 85C Model Setup 'CLOCK_50'
Slack : -6.530
TNS   : -19.377

Type  : Slow 1100mV 85C Model Setup 'soc_system:u0|soc_system_hps_0:hps_0|soc_system_hps_0_hps_io:hps_io|soc_system_hps_0_hps_io_border:border|hps_sdram:hps_sdram_inst|hps_sdram_pll:pll|afi_clk_write_clk'
Slack : 1.730
TNS   : 0.000

Type  : Slow 1100mV 85C Model Setup 'u0|pll_0|altera_pll_i|general[0].gpll~PLL_OUTPUT_COUNTER|divclk'
Slack : 2.307
TNS   : 0.000

Type  : Slow 1100mV 85C Model Setup 'altera_reserved_tck'
Slack : 10.300
TNS   : 0.000

Type  : Slow 1100mV 85C Model Hold 'CLOCK_50'
Slack : -3.143
TNS   : -3.143

Type  : Slow 1100mV 85C Model Hold 'soc_system:u0|soc_system_hps_0:hps_0|soc_system_hps_0_hps_io:hps_io|soc_system_hps_0_hps_io_border:border|hps_sdram:hps_sdram_inst|hps_sdram_pll:pll|afi_clk_write_clk'
Slack : 0.143
TNS   : 0.000

Type  : Slow 1100mV 85C Model Hold 'u0|pll_0|altera_pll_i|general[0].gpll~PLL_OUTPUT_COUNTER|divclk'
Slack : 0.227
TNS   : 0.000

Type  : Slow 1100mV 85C Model Hold 'altera_reserved_tck'
Slack : 0.306
TNS   : 0.000

Type  : Slow 1100mV 85C Model Hold 'iAUD_FRONT|iCLK_GEN|iPLL|mic_clk_pll_inst|altera_pll_i|cyclonev_pll|counter[0].output_counter|divclk'
Slack : 1.965
TNS   : 0.000

Type  : Slow 1100mV 85C Model Hold 'iAUD_FRONT|iCLK_GEN|iPLL|mic_clk_pll_inst|altera_pll_i|cyclonev_pll|counter[1].output_counter|divclk'
Slack : 1.971
TNS   : 0.000

Type  : Slow 1100mV 85C Model Recovery 'CLOCK_50'
Slack : 3.002
TNS   : 0.000

Type  : Slow 1100mV 85C Model Recovery 'soc_system:u0|soc_system_hps_0:hps_0|soc_system_hps_0_hps_io:hps_io|soc_system_hps_0_hps_io_border:border|hps_sdram:hps_sdram_inst|hps_sdram_pll:pll|afi_clk_write_clk'
Slack : 3.375
TNS   : 0.000

Type  : Slow 1100mV 85C Model Recovery 'u0|pll_0|altera_pll_i|general[0].gpll~PLL_OUTPUT_COUNTER|divclk'
Slack : 4.587
TNS   : 0.000

Type  : Slow 1100mV 85C Model Recovery 'altera_reserved_tck'
Slack : 36.584
TNS   : 0.000

Type  : Slow 1100mV 85C Model Removal 'soc_system:u0|soc_system_hps_0:hps_0|soc_system_hps_0_hps_io:hps_io|soc_system_hps_0_hps_io_border:border|hps_sdram:hps_sdram_inst|hps_sdram_pll:pll|afi_clk_write_clk'
Slack : 0.470
TNS   : 0.000

Type  : Slow 1100mV 85C Model Removal 'u0|pll_0|altera_pll_i|general[0].gpll~PLL_OUTPUT_COUNTER|divclk'
Slack : 0.554
TNS   : 0.000

Type  : Slow 1100mV 85C Model Removal 'altera_reserved_tck'
Slack : 0.817
TNS   : 0.000

Type  : Slow 1100mV 85C Model Removal 'CLOCK_50'
Slack : 0.890
TNS   : 0.000

Type  : Slow 1100mV 85C Model Minimum Pulse Width 'iAUD_FRONT|iCLK_GEN|iPLL|mic_clk_pll_inst|altera_pll_i|cyclonev_pll|fpll_0|fpll|vcoph[0]'
Slack : 0.510
TNS   : 0.000

Type  : Slow 1100mV 85C Model Minimum Pulse Width 'soc_system:u0|soc_system_hps_0:hps_0|soc_system_hps_0_hps_io:hps_io|soc_system_hps_0_hps_io_border:border|hps_sdram:hps_sdram_inst|hps_sdram_pll:pll|pll_write_clk_dq_write_clk'
Slack : 0.608
TNS   : 0.000

Type  : Slow 1100mV 85C Model Minimum Pulse Width 'soc_system:u0|soc_system_hps_0:hps_0|soc_system_hps_0_hps_io:hps_io|soc_system_hps_0_hps_io_border:border|hps_sdram:hps_sdram_inst|hps_sdram_pll:pll|afi_clk_write_clk'
Slack : 0.623
TNS   : 0.000

Type  : Slow 1100mV 85C Model Minimum Pulse Width 'u0|pll_0|altera_pll_i|general[0].gpll~FRACTIONAL_PLL|vcoph[0]'
Slack : 1.666
TNS   : 0.000

Type  : Slow 1100mV 85C Model Minimum Pulse Width 'u0|pll_0|altera_pll_i|general[0].gpll~PLL_OUTPUT_COUNTER|divclk'
Slack : 3.764
TNS   : 0.000

Type  : Slow 1100mV 85C Model Minimum Pulse Width 'CLOCK_50'
Slack : 8.870
TNS   : 0.000

Type  : Slow 1100mV 85C Model Minimum Pulse Width 'altera_reserved_tck'
Slack : 18.865
TNS   : 0.000

Type  : Slow 1100mV 85C Model Minimum Pulse Width 'iAUD_FRONT|iCLK_GEN|iPLL|mic_clk_pll_inst|altera_pll_i|cyclonev_pll|counter[1].output_counter|divclk'
Slack : 162.176
TNS   : 0.000

Type  : Slow 1100mV 85C Model Minimum Pulse Width 'iAUD_FRONT|iCLK_GEN|iPLL|mic_clk_pll_inst|altera_pll_i|cyclonev_pll|counter[0].output_counter|divclk'
Slack : 203.503
TNS   : 0.000

Type  : Slow 1100mV 0C Model Setup 'iAUD_FRONT|iCLK_GEN|iPLL|mic_clk_pll_inst|altera_pll_i|cyclonev_pll|counter[1].output_counter|divclk'
Slack : -10.700
TNS   : -21.400

Type  : Slow 1100mV 0C Model Setup 'iAUD_FRONT|iCLK_GEN|iPLL|mic_clk_pll_inst|altera_pll_i|cyclonev_pll|counter[0].output_counter|divclk'
Slack : -10.490
TNS   : -20.980

Type  : Slow 1100mV 0C Model Setup 'CLOCK_50'
Slack : -6.149
TNS   : -18.301

Type  : Slow 1100mV 0C Model Setup 'soc_system:u0|soc_system_hps_0:hps_0|soc_system_hps_0_hps_io:hps_io|soc_system_hps_0_hps_io_border:border|hps_sdram:hps_sdram_inst|hps_sdram_pll:pll|afi_clk_write_clk'
Slack : 1.727
TNS   : 0.000

Type  : Slow 1100mV 0C Model Setup 'u0|pll_0|altera_pll_i|general[0].gpll~PLL_OUTPUT_COUNTER|divclk'
Slack : 2.435
TNS   : 0.000

Type  : Slow 1100mV 0C Model Setup 'altera_reserved_tck'
Slack : 10.440
TNS   : 0.000

Type  : Slow 1100mV 0C Model Hold 'CLOCK_50'
Slack : -3.139
TNS   : -3.139

Type  : Slow 1100mV 0C Model Hold 'soc_system:u0|soc_system_hps_0:hps_0|soc_system_hps_0_hps_io:hps_io|soc_system_hps_0_hps_io_border:border|hps_sdram:hps_sdram_inst|hps_sdram_pll:pll|afi_clk_write_clk'
Slack : 0.162
TNS   : 0.000

Type  : Slow 1100mV 0C Model Hold 'u0|pll_0|altera_pll_i|general[0].gpll~PLL_OUTPUT_COUNTER|divclk'
Slack : 0.216
TNS   : 0.000

Type  : Slow 1100mV 0C Model Hold 'altera_reserved_tck'
Slack : 0.312
TNS   : 0.000

Type  : Slow 1100mV 0C Model Hold 'iAUD_FRONT|iCLK_GEN|iPLL|mic_clk_pll_inst|altera_pll_i|cyclonev_pll|counter[0].output_counter|divclk'
Slack : 2.102
TNS   : 0.000

Type  : Slow 1100mV 0C Model Hold 'iAUD_FRONT|iCLK_GEN|iPLL|mic_clk_pll_inst|altera_pll_i|cyclonev_pll|counter[1].output_counter|divclk'
Slack : 2.108
TNS   : 0.000

Type  : Slow 1100mV 0C Model Recovery 'CLOCK_50'
Slack : 3.158
TNS   : 0.000

Type  : Slow 1100mV 0C Model Recovery 'soc_system:u0|soc_system_hps_0:hps_0|soc_system_hps_0_hps_io:hps_io|soc_system_hps_0_hps_io_border:border|hps_sdram:hps_sdram_inst|hps_sdram_pll:pll|afi_clk_write_clk'
Slack : 3.468
TNS   : 0.000

Type  : Slow 1100mV 0C Model Recovery 'u0|pll_0|altera_pll_i|general[0].gpll~PLL_OUTPUT_COUNTER|divclk'
Slack : 4.955
TNS   : 0.000

Type  : Slow 1100mV 0C Model Recovery 'altera_reserved_tck'
Slack : 36.708
TNS   : 0.000

Type  : Slow 1100mV 0C Model Removal 'soc_system:u0|soc_system_hps_0:hps_0|soc_system_hps_0_hps_io:hps_io|soc_system_hps_0_hps_io_border:border|hps_sdram:hps_sdram_inst|hps_sdram_pll:pll|afi_clk_write_clk'
Slack : 0.460
TNS   : 0.000

Type  : Slow 1100mV 0C Model Removal 'u0|pll_0|altera_pll_i|general[0].gpll~PLL_OUTPUT_COUNTER|divclk'
Slack : 0.510
TNS   : 0.000

Type  : Slow 1100mV 0C Model Removal 'altera_reserved_tck'
Slack : 0.742
TNS   : 0.000

Type  : Slow 1100mV 0C Model Removal 'CLOCK_50'
Slack : 0.830
TNS   : 0.000

Type  : Slow 1100mV 0C Model Minimum Pulse Width 'iAUD_FRONT|iCLK_GEN|iPLL|mic_clk_pll_inst|altera_pll_i|cyclonev_pll|fpll_0|fpll|vcoph[0]'
Slack : 0.510
TNS   : 0.000

Type  : Slow 1100mV 0C Model Minimum Pulse Width 'soc_system:u0|soc_system_hps_0:hps_0|soc_system_hps_0_hps_io:hps_io|soc_system_hps_0_hps_io_border:border|hps_sdram:hps_sdram_inst|hps_sdram_pll:pll|pll_write_clk_dq_write_clk'
Slack : 0.613
TNS   : 0.000

Type  : Slow 1100mV 0C Model Minimum Pulse Width 'soc_system:u0|soc_system_hps_0:hps_0|soc_system_hps_0_hps_io:hps_io|soc_system_hps_0_hps_io_border:border|hps_sdram:hps_sdram_inst|hps_sdram_pll:pll|afi_clk_write_clk'
Slack : 0.630
TNS   : 0.000

Type  : Slow 1100mV 0C Model Minimum Pulse Width 'u0|pll_0|altera_pll_i|general[0].gpll~FRACTIONAL_PLL|vcoph[0]'
Slack : 1.666
TNS   : 0.000

Type  : Slow 1100mV 0C Model Minimum Pulse Width 'u0|pll_0|altera_pll_i|general[0].gpll~PLL_OUTPUT_COUNTER|divclk'
Slack : 3.741
TNS   : 0.000

Type  : Slow 1100mV 0C Model Minimum Pulse Width 'CLOCK_50'
Slack : 8.906
TNS   : 0.000

Type  : Slow 1100mV 0C Model Minimum Pulse Width 'altera_reserved_tck'
Slack : 18.841
TNS   : 0.000

Type  : Slow 1100mV 0C Model Minimum Pulse Width 'iAUD_FRONT|iCLK_GEN|iPLL|mic_clk_pll_inst|altera_pll_i|cyclonev_pll|counter[1].output_counter|divclk'
Slack : 162.155
TNS   : 0.000

Type  : Slow 1100mV 0C Model Minimum Pulse Width 'iAUD_FRONT|iCLK_GEN|iPLL|mic_clk_pll_inst|altera_pll_i|cyclonev_pll|counter[0].output_counter|divclk'
Slack : 203.482
TNS   : 0.000

Type  : Fast 1100mV 85C Model Setup 'iAUD_FRONT|iCLK_GEN|iPLL|mic_clk_pll_inst|altera_pll_i|cyclonev_pll|counter[1].output_counter|divclk'
Slack : -7.085
TNS   : -14.170

Type  : Fast 1100mV 85C Model Setup 'iAUD_FRONT|iCLK_GEN|iPLL|mic_clk_pll_inst|altera_pll_i|cyclonev_pll|counter[0].output_counter|divclk'
Slack : -6.874
TNS   : -13.748

Type  : Fast 1100mV 85C Model Setup 'CLOCK_50'
Slack : -4.131
TNS   : -12.321

Type  : Fast 1100mV 85C Model Setup 'soc_system:u0|soc_system_hps_0:hps_0|soc_system_hps_0_hps_io:hps_io|soc_system_hps_0_hps_io_border:border|hps_sdram:hps_sdram_inst|hps_sdram_pll:pll|afi_clk_write_clk'
Slack : 2.110
TNS   : 0.000

Type  : Fast 1100mV 85C Model Setup 'u0|pll_0|altera_pll_i|general[0].gpll~PLL_OUTPUT_COUNTER|divclk'
Slack : 4.947
TNS   : 0.000

Type  : Fast 1100mV 85C Model Setup 'altera_reserved_tck'
Slack : 12.357
TNS   : 0.000

Type  : Fast 1100mV 85C Model Hold 'CLOCK_50'
Slack : -2.023
TNS   : -2.023

Type  : Fast 1100mV 85C Model Hold 'soc_system:u0|soc_system_hps_0:hps_0|soc_system_hps_0_hps_io:hps_io|soc_system_hps_0_hps_io_border:border|hps_sdram:hps_sdram_inst|hps_sdram_pll:pll|afi_clk_write_clk'
Slack : 0.084
TNS   : 0.000

Type  : Fast 1100mV 85C Model Hold 'u0|pll_0|altera_pll_i|general[0].gpll~PLL_OUTPUT_COUNTER|divclk'
Slack : 0.133
TNS   : 0.000

Type  : Fast 1100mV 85C Model Hold 'altera_reserved_tck'
Slack : 0.136
TNS   : 0.000

Type  : Fast 1100mV 85C Model Hold 'iAUD_FRONT|iCLK_GEN|iPLL|mic_clk_pll_inst|altera_pll_i|cyclonev_pll|counter[0].output_counter|divclk'
Slack : 1.138
TNS   : 0.000

Type  : Fast 1100mV 85C Model Hold 'iAUD_FRONT|iCLK_GEN|iPLL|mic_clk_pll_inst|altera_pll_i|cyclonev_pll|counter[1].output_counter|divclk'
Slack : 1.144
TNS   : 0.000

Type  : Fast 1100mV 85C Model Recovery 'soc_system:u0|soc_system_hps_0:hps_0|soc_system_hps_0_hps_io:hps_io|soc_system_hps_0_hps_io_border:border|hps_sdram:hps_sdram_inst|hps_sdram_pll:pll|afi_clk_write_clk'
Slack : 3.727
TNS   : 0.000

Type  : Fast 1100mV 85C Model Recovery 'CLOCK_50'
Slack : 5.783
TNS   : 0.000

Type  : Fast 1100mV 85C Model Recovery 'u0|pll_0|altera_pll_i|general[0].gpll~PLL_OUTPUT_COUNTER|divclk'
Slack : 5.959
TNS   : 0.000

Type  : Fast 1100mV 85C Model Recovery 'altera_reserved_tck'
Slack : 37.821
TNS   : 0.000

Type  : Fast 1100mV 85C Model Removal 'u0|pll_0|altera_pll_i|general[0].gpll~PLL_OUTPUT_COUNTER|divclk'
Slack : 0.291
TNS   : 0.000

Type  : Fast 1100mV 85C Model Removal 'altera_reserved_tck'
Slack : 0.434
TNS   : 0.000

Type  : Fast 1100mV 85C Model Removal 'soc_system:u0|soc_system_hps_0:hps_0|soc_system_hps_0_hps_io:hps_io|soc_system_hps_0_hps_io_border:border|hps_sdram:hps_sdram_inst|hps_sdram_pll:pll|afi_clk_write_clk'
Slack : 0.497
TNS   : 0.000

Type  : Fast 1100mV 85C Model Removal 'CLOCK_50'
Slack : 0.513
TNS   : 0.000

Type  : Fast 1100mV 85C Model Minimum Pulse Width 'iAUD_FRONT|iCLK_GEN|iPLL|mic_clk_pll_inst|altera_pll_i|cyclonev_pll|fpll_0|fpll|vcoph[0]'
Slack : 0.510
TNS   : 0.000

Type  : Fast 1100mV 85C Model Minimum Pulse Width 'soc_system:u0|soc_system_hps_0:hps_0|soc_system_hps_0_hps_io:hps_io|soc_system_hps_0_hps_io_border:border|hps_sdram:hps_sdram_inst|hps_sdram_pll:pll|pll_write_clk_dq_write_clk'
Slack : 0.883
TNS   : 0.000

Type  : Fast 1100mV 85C Model Minimum Pulse Width 'soc_system:u0|soc_system_hps_0:hps_0|soc_system_hps_0_hps_io:hps_io|soc_system_hps_0_hps_io_border:border|hps_sdram:hps_sdram_inst|hps_sdram_pll:pll|afi_clk_write_clk'
Slack : 0.891
TNS   : 0.000

Type  : Fast 1100mV 85C Model Minimum Pulse Width 'u0|pll_0|altera_pll_i|general[0].gpll~FRACTIONAL_PLL|vcoph[0]'
Slack : 1.666
TNS   : 0.000

Type  : Fast 1100mV 85C Model Minimum Pulse Width 'u0|pll_0|altera_pll_i|general[0].gpll~PLL_OUTPUT_COUNTER|divclk'
Slack : 3.883
TNS   : 0.000

Type  : Fast 1100mV 85C Model Minimum Pulse Width 'CLOCK_50'
Slack : 8.475
TNS   : 0.000

Type  : Fast 1100mV 85C Model Minimum Pulse Width 'altera_reserved_tck'
Slack : 18.768
TNS   : 0.000

Type  : Fast 1100mV 85C Model Minimum Pulse Width 'iAUD_FRONT|iCLK_GEN|iPLL|mic_clk_pll_inst|altera_pll_i|cyclonev_pll|counter[1].output_counter|divclk'
Slack : 162.385
TNS   : 0.000

Type  : Fast 1100mV 85C Model Minimum Pulse Width 'iAUD_FRONT|iCLK_GEN|iPLL|mic_clk_pll_inst|altera_pll_i|cyclonev_pll|counter[0].output_counter|divclk'
Slack : 203.712
TNS   : 0.000

Type  : Fast 1100mV 0C Model Setup 'iAUD_FRONT|iCLK_GEN|iPLL|mic_clk_pll_inst|altera_pll_i|cyclonev_pll|counter[1].output_counter|divclk'
Slack : -6.509
TNS   : -13.018

Type  : Fast 1100mV 0C Model Setup 'iAUD_FRONT|iCLK_GEN|iPLL|mic_clk_pll_inst|altera_pll_i|cyclonev_pll|counter[0].output_counter|divclk'
Slack : -6.299
TNS   : -12.598

Type  : Fast 1100mV 0C Model Setup 'CLOCK_50'
Slack : -3.628
TNS   : -10.822

Type  : Fast 1100mV 0C Model Setup 'soc_system:u0|soc_system_hps_0:hps_0|soc_system_hps_0_hps_io:hps_io|soc_system_hps_0_hps_io_border:border|hps_sdram:hps_sdram_inst|hps_sdram_pll:pll|afi_clk_write_clk'
Slack : 2.110
TNS   : 0.000

Type  : Fast 1100mV 0C Model Setup 'u0|pll_0|altera_pll_i|general[0].gpll~PLL_OUTPUT_COUNTER|divclk'
Slack : 5.574
TNS   : 0.000

Type  : Fast 1100mV 0C Model Setup 'altera_reserved_tck'
Slack : 12.535
TNS   : 0.000

Type  : Fast 1100mV 0C Model Hold 'CLOCK_50'
Slack : -1.967
TNS   : -1.967

Type  : Fast 1100mV 0C Model Hold 'soc_system:u0|soc_system_hps_0:hps_0|soc_system_hps_0_hps_io:hps_io|soc_system_hps_0_hps_io_border:border|hps_sdram:hps_sdram_inst|hps_sdram_pll:pll|afi_clk_write_clk'
Slack : 0.077
TNS   : 0.000

Type  : Fast 1100mV 0C Model Hold 'u0|pll_0|altera_pll_i|general[0].gpll~PLL_OUTPUT_COUNTER|divclk'
Slack : 0.123
TNS   : 0.000

Type  : Fast 1100mV 0C Model Hold 'altera_reserved_tck'
Slack : 0.127
TNS   : 0.000

Type  : Fast 1100mV 0C Model Hold 'iAUD_FRONT|iCLK_GEN|iPLL|mic_clk_pll_inst|altera_pll_i|cyclonev_pll|counter[0].output_counter|divclk'
Slack : 1.108
TNS   : 0.000

Type  : Fast 1100mV 0C Model Hold 'iAUD_FRONT|iCLK_GEN|iPLL|mic_clk_pll_inst|altera_pll_i|cyclonev_pll|counter[1].output_counter|divclk'
Slack : 1.114
TNS   : 0.000

Type  : Fast 1100mV 0C Model Recovery 'soc_system:u0|soc_system_hps_0:hps_0|soc_system_hps_0_hps_io:hps_io|soc_system_hps_0_hps_io_border:border|hps_sdram:hps_sdram_inst|hps_sdram_pll:pll|afi_clk_write_clk'
Slack : 3.825
TNS   : 0.000

Type  : Fast 1100mV 0C Model Recovery 'CLOCK_50'
Slack : 6.021
TNS   : 0.000

Type  : Fast 1100mV 0C Model Recovery 'u0|pll_0|altera_pll_i|general[0].gpll~PLL_OUTPUT_COUNTER|divclk'
Slack : 6.590
TNS   : 0.000

Type  : Fast 1100mV 0C Model Recovery 'altera_reserved_tck'
Slack : 38.006
TNS   : 0.000

Type  : Fast 1100mV 0C Model Removal 'u0|pll_0|altera_pll_i|general[0].gpll~PLL_OUTPUT_COUNTER|divclk'
Slack : 0.265
TNS   : 0.000

Type  : Fast 1100mV 0C Model Removal 'altera_reserved_tck'
Slack : 0.377
TNS   : 0.000

Type  : Fast 1100mV 0C Model Removal 'CLOCK_50'
Slack : 0.467
TNS   : 0.000

Type  : Fast 1100mV 0C Model Removal 'soc_system:u0|soc_system_hps_0:hps_0|soc_system_hps_0_hps_io:hps_io|soc_system_hps_0_hps_io_border:border|hps_sdram:hps_sdram_inst|hps_sdram_pll:pll|afi_clk_write_clk'
Slack : 0.473
TNS   : 0.000

Type  : Fast 1100mV 0C Model Minimum Pulse Width 'iAUD_FRONT|iCLK_GEN|iPLL|mic_clk_pll_inst|altera_pll_i|cyclonev_pll|fpll_0|fpll|vcoph[0]'
Slack : 0.510
TNS   : 0.000

Type  : Fast 1100mV 0C Model Minimum Pulse Width 'soc_system:u0|soc_system_hps_0:hps_0|soc_system_hps_0_hps_io:hps_io|soc_system_hps_0_hps_io_border:border|hps_sdram:hps_sdram_inst|hps_sdram_pll:pll|pll_write_clk_dq_write_clk'
Slack : 0.887
TNS   : 0.000

Type  : Fast 1100mV 0C Model Minimum Pulse Width 'soc_system:u0|soc_system_hps_0:hps_0|soc_system_hps_0_hps_io:hps_io|soc_system_hps_0_hps_io_border:border|hps_sdram:hps_sdram_inst|hps_sdram_pll:pll|afi_clk_write_clk'
Slack : 0.894
TNS   : 0.000

Type  : Fast 1100mV 0C Model Minimum Pulse Width 'u0|pll_0|altera_pll_i|general[0].gpll~FRACTIONAL_PLL|vcoph[0]'
Slack : 1.666
TNS   : 0.000

Type  : Fast 1100mV 0C Model Minimum Pulse Width 'u0|pll_0|altera_pll_i|general[0].gpll~PLL_OUTPUT_COUNTER|divclk'
Slack : 3.883
TNS   : 0.000

Type  : Fast 1100mV 0C Model Minimum Pulse Width 'CLOCK_50'
Slack : 8.431
TNS   : 0.000

Type  : Fast 1100mV 0C Model Minimum Pulse Width 'altera_reserved_tck'
Slack : 18.747
TNS   : 0.000

Type  : Fast 1100mV 0C Model Minimum Pulse Width 'iAUD_FRONT|iCLK_GEN|iPLL|mic_clk_pll_inst|altera_pll_i|cyclonev_pll|counter[1].output_counter|divclk'
Slack : 162.385
TNS   : 0.000

Type  : Fast 1100mV 0C Model Minimum Pulse Width 'iAUD_FRONT|iCLK_GEN|iPLL|mic_clk_pll_inst|altera_pll_i|cyclonev_pll|counter[0].output_counter|divclk'
Slack : 203.712
TNS   : 0.000

------------------------------------------------------------
Info: see the "DDR report" for DDR timing results
------------------------------------------------------------
------------------------------------------------------------
